13:20:27 **** Build of configuration Debug for project mppt-nucleo ****
make all 
Building file: ../Src/HD44780.c
Invoking: MCU GCC Compiler
C:\Work\GitHub\mppt-nucleo\Debug
arm-none-eabi-gcc -mcpu=cortex-m4 -mthumb -mfloat-abi=hard -mfpu=fpv4-sp-d16 '-D__weak=__attribute__((weak))' '-D__packed="__attribute__((__packed__))"' -DUSE_HAL_DRIVER -DSTM32F410Rx -I"C:/Work/GitHub/mppt-nucleo/Inc" -I"C:/Work/GitHub/mppt-nucleo/Drivers/STM32F4xx_HAL_Driver/Inc" -I"C:/Work/GitHub/mppt-nucleo/Drivers/STM32F4xx_HAL_Driver/Inc/Legacy" -I"C:/Work/GitHub/mppt-nucleo/Drivers/CMSIS/Include" -I"C:/Work/GitHub/mppt-nucleo/Drivers/CMSIS/Device/ST/STM32F4xx/Include"  -Os -g3 -Wall -fmessage-length=0 -ffunction-sections -c -fmessage-length=0 -MMD -MP -MF"Src/HD44780.d" -MT"Src/HD44780.o" -o "Src/HD44780.o" "../Src/HD44780.c"
In file included from ../Src/HD44780.c:16:0:
C:/Work/GitHub/mppt-nucleo/Inc/mppt.h:39:13: warning: 'getADCreadings' declared 'static' but never defined [-Wunused-function]
 static void getADCreadings(uint8_t);
             ^~~~~~~~~~~~~~
Finished building: ../Src/HD44780.c
 
Building file: ../Src/crc16.c
Invoking: MCU GCC Compiler
C:\Work\GitHub\mppt-nucleo\Debug
arm-none-eabi-gcc -mcpu=cortex-m4 -mthumb -mfloat-abi=hard -mfpu=fpv4-sp-d16 '-D__weak=__attribute__((weak))' '-D__packed="__attribute__((__packed__))"' -DUSE_HAL_DRIVER -DSTM32F410Rx -I"C:/Work/GitHub/mppt-nucleo/Inc" -I"C:/Work/GitHub/mppt-nucleo/Drivers/STM32F4xx_HAL_Driver/Inc" -I"C:/Work/GitHub/mppt-nucleo/Drivers/STM32F4xx_HAL_Driver/Inc/Legacy" -I"C:/Work/GitHub/mppt-nucleo/Drivers/CMSIS/Include" -I"C:/Work/GitHub/mppt-nucleo/Drivers/CMSIS/Device/ST/STM32F4xx/Include"  -Os -g3 -Wall -fmessage-length=0 -ffunction-sections -c -fmessage-length=0 -MMD -MP -MF"Src/crc16.d" -MT"Src/crc16.o" -o "Src/crc16.o" "../Src/crc16.c"
Finished building: ../Src/crc16.c
 
Building file: ../Src/mppt.c
Invoking: MCU GCC Compiler
C:\Work\GitHub\mppt-nucleo\Debug
arm-none-eabi-gcc -mcpu=cortex-m4 -mthumb -mfloat-abi=hard -mfpu=fpv4-sp-d16 '-D__weak=__attribute__((weak))' '-D__packed="__attribute__((__packed__))"' -DUSE_HAL_DRIVER -DSTM32F410Rx -I"C:/Work/GitHub/mppt-nucleo/Inc" -I"C:/Work/GitHub/mppt-nucleo/Drivers/STM32F4xx_HAL_Driver/Inc" -I"C:/Work/GitHub/mppt-nucleo/Drivers/STM32F4xx_HAL_Driver/Inc/Legacy" -I"C:/Work/GitHub/mppt-nucleo/Drivers/CMSIS/Include" -I"C:/Work/GitHub/mppt-nucleo/Drivers/CMSIS/Device/ST/STM32F4xx/Include"  -Os -g3 -Wall -fmessage-length=0 -ffunction-sections -c -fmessage-length=0 -MMD -MP -MF"Src/mppt.d" -MT"Src/mppt.o" -o "Src/mppt.o" "../Src/mppt.c"
../Src/mppt.c: In function 'MX_TIM9_Init':
../Src/mppt.c:403:23: warning: unused variable 'sConfigOC' [-Wunused-variable]
    TIM_OC_InitTypeDef sConfigOC;
                       ^~~~~~~~~
../Src/mppt.c: In function 'getADCreadings':
../Src/mppt.c:659:10: warning: pointer targets in passing argument 1 of 'sprintf' differ in signedness [-Wpointer-sign]
  sprintf(strBuffer, "MPPT ADC Values: %2.2f %x %x %x %x %x %x %x\r\n", vBat, vSolarArray, iBattery, iSolarArray, vLoad, tempAmbient, tempMOSFETS, iLoad);
          ^~~~~~~~~
In file included from c:\ac6\systemworkbench\plugins\fr.ac6.mcu.externaltools.arm-none.win32_1.15.0.201708311556\tools\compiler\arm-none-eabi\include\stdio.h:29:0,
                 from C:/Work/GitHub/mppt-nucleo/Drivers/STM32F4xx_HAL_Driver/Inc/stm32f4xx_hal_def.h:50,
                 from C:/Work/GitHub/mppt-nucleo/Drivers/STM32F4xx_HAL_Driver/Inc/stm32f4xx_hal_rcc.h:47,
                 from C:/Work/GitHub/mppt-nucleo/Inc/stm32f4xx_hal_conf.h:253,
                 from C:/Work/GitHub/mppt-nucleo/Drivers/STM32F4xx_HAL_Driver/Inc/stm32f4xx_hal.h:48,
                 from ../Src/mppt.c:34:
c:\ac6\systemworkbench\plugins\fr.ac6.mcu.externaltools.arm-none.win32_1.15.0.201708311556\tools\compiler\arm-none-eabi\include\stdio.h:244:5: note: expected 'char * restrict' but argument is of type 'uint8_t * {aka unsigned char *}'
 int _EXFUN(sprintf, (char *__restrict, const char *__restrict, ...)
     ^
../Src/mppt.c:659:46: warning: format '%x' expects argument of type 'unsigned int', but argument 4 has type 'uint32_t {aka long unsigned int}' [-Wformat=]
  sprintf(strBuffer, "MPPT ADC Values: %2.2f %x %x %x %x %x %x %x\r\n", vBat, vSolarArray, iBattery, iSolarArray, vLoad, tempAmbient, tempMOSFETS, iLoad);
                                              ^
../Src/mppt.c:659:49: warning: format '%x' expects argument of type 'unsigned int', but argument 5 has type 'uint32_t {aka long unsigned int}' [-Wformat=]
  sprintf(strBuffer, "MPPT ADC Values: %2.2f %x %x %x %x %x %x %x\r\n", vBat, vSolarArray, iBattery, iSolarArray, vLoad, tempAmbient, tempMOSFETS, iLoad);
                                                 ^
../Src/mppt.c:659:52: warning: format '%x' expects argument of type 'unsigned int', but argument 6 has type 'uint32_t {aka long unsigned int}' [-Wformat=]
  sprintf(strBuffer, "MPPT ADC Values: %2.2f %x %x %x %x %x %x %x\r\n", vBat, vSolarArray, iBattery, iSolarArray, vLoad, tempAmbient, tempMOSFETS, iLoad);
                                                    ^
../Src/mppt.c:659:55: warning: format '%x' expects argument of type 'unsigned int', but argument 7 has type 'uint32_t {aka long unsigned int}' [-Wformat=]
  sprintf(strBuffer, "MPPT ADC Values: %2.2f %x %x %x %x %x %x %x\r\n", vBat, vSolarArray, iBattery, iSolarArray, vLoad, tempAmbient, tempMOSFETS, iLoad);
                                                       ^
../Src/mppt.c:659:58: warning: format '%x' expects argument of type 'unsigned int', but argument 8 has type 'uint32_t {aka long unsigned int}' [-Wformat=]
  sprintf(strBuffer, "MPPT ADC Values: %2.2f %x %x %x %x %x %x %x\r\n", vBat, vSolarArray, iBattery, iSolarArray, vLoad, tempAmbient, tempMOSFETS, iLoad);
                                                          ^
../Src/mppt.c:659:61: warning: format '%x' expects argument of type 'unsigned int', but argument 9 has type 'uint32_t {aka long unsigned int}' [-Wformat=]
  sprintf(strBuffer, "MPPT ADC Values: %2.2f %x %x %x %x %x %x %x\r\n", vBat, vSolarArray, iBattery, iSolarArray, vLoad, tempAmbient, tempMOSFETS, iLoad);
                                                             ^
../Src/mppt.c:659:64: warning: format '%x' expects argument of type 'unsigned int', but argument 10 has type 'uint32_t {aka long unsigned int}' [-Wformat=]
  sprintf(strBuffer, "MPPT ADC Values: %2.2f %x %x %x %x %x %x %x\r\n", vBat, vSolarArray, iBattery, iSolarArray, vLoad, tempAmbient, tempMOSFETS, iLoad);
                                                                ^
../Src/mppt.c:663:12: warning: pointer targets in passing argument 1 of 'sprintf' differ in signedness [-Wpointer-sign]
    sprintf(buffer2, "V: %2.2f", vBat);
            ^~~~~~~
In file included from c:\ac6\systemworkbench\plugins\fr.ac6.mcu.externaltools.arm-none.win32_1.15.0.201708311556\tools\compiler\arm-none-eabi\include\stdio.h:29:0,
                 from C:/Work/GitHub/mppt-nucleo/Drivers/STM32F4xx_HAL_Driver/Inc/stm32f4xx_hal_def.h:50,
                 from C:/Work/GitHub/mppt-nucleo/Drivers/STM32F4xx_HAL_Driver/Inc/stm32f4xx_hal_rcc.h:47,
                 from C:/Work/GitHub/mppt-nucleo/Inc/stm32f4xx_hal_conf.h:253,
                 from C:/Work/GitHub/mppt-nucleo/Drivers/STM32F4xx_HAL_Driver/Inc/stm32f4xx_hal.h:48,
                 from ../Src/mppt.c:34:
c:\ac6\systemworkbench\plugins\fr.ac6.mcu.externaltools.arm-none.win32_1.15.0.201708311556\tools\compiler\arm-none-eabi\include\stdio.h:244:5: note: expected 'char * restrict' but argument is of type 'uint8_t * {aka unsigned char *}'
 int _EXFUN(sprintf, (char *__restrict, const char *__restrict, ...)
     ^
../Src/mppt.c:664:28: warning: pointer targets in passing argument 3 of 'HD44780_WriteData' differ in signedness [-Wpointer-sign]
    HD44780_WriteData(1, 3, buffer2);
                            ^~~~~~~
In file included from ../Src/mppt.c:36:0:
C:/Work/GitHub/mppt-nucleo/Inc/mppt.h:36:6: note: expected 'char *' but argument is of type 'uint8_t * {aka unsigned char *}'
 void HD44780_WriteData(uint8_t row, uint8_t col, char *data);
      ^~~~~~~~~~~~~~~~~
../Src/mppt.c: In function 'main':
../Src/mppt.c:727:12: warning: pointer targets in passing argument 1 of 'sprintf' differ in signedness [-Wpointer-sign]
    sprintf(buffer, "Input: %c", myChar);
            ^~~~~~
In file included from c:\ac6\systemworkbench\plugins\fr.ac6.mcu.externaltools.arm-none.win32_1.15.0.201708311556\tools\compiler\arm-none-eabi\include\stdio.h:29:0,
                 from C:/Work/GitHub/mppt-nucleo/Drivers/STM32F4xx_HAL_Driver/Inc/stm32f4xx_hal_def.h:50,
                 from C:/Work/GitHub/mppt-nucleo/Drivers/STM32F4xx_HAL_Driver/Inc/stm32f4xx_hal_rcc.h:47,
                 from C:/Work/GitHub/mppt-nucleo/Inc/stm32f4xx_hal_conf.h:253,
                 from C:/Work/GitHub/mppt-nucleo/Drivers/STM32F4xx_HAL_Driver/Inc/stm32f4xx_hal.h:48,
                 from ../Src/mppt.c:34:
c:\ac6\systemworkbench\plugins\fr.ac6.mcu.externaltools.arm-none.win32_1.15.0.201708311556\tools\compiler\arm-none-eabi\include\stdio.h:244:5: note: expected 'char * restrict' but argument is of type 'uint8_t * {aka unsigned char *}'
 int _EXFUN(sprintf, (char *__restrict, const char *__restrict, ...)
     ^
../Src/mppt.c:728:28: warning: pointer targets in passing argument 3 of 'HD44780_WriteData' differ in signedness [-Wpointer-sign]
    HD44780_WriteData(0, 3, buffer);
                            ^~~~~~
In file included from ../Src/mppt.c:36:0:
C:/Work/GitHub/mppt-nucleo/Inc/mppt.h:36:6: note: expected 'char *' but argument is of type 'uint8_t * {aka unsigned char *}'
 void HD44780_WriteData(uint8_t row, uint8_t col, char *data);
      ^~~~~~~~~~~~~~~~~
At top level:
../Src/mppt.c:674:17: warning: 'ThresholdVoltage' defined but not used [-Wunused-function]
 static uint16_t ThresholdVoltage(uint16_t tempAmbient)
                 ^~~~~~~~~~~~~~~~
../Src/mppt.c:464:13: warning: 'MX_WWDG_Init' defined but not used [-Wunused-function]
 static void MX_WWDG_Init(void)
             ^~~~~~~~~~~~
Finished building: ../Src/mppt.c
 
Building file: ../Src/stm32f4xx_hal_msp.c
Invoking: MCU GCC Compiler
C:\Work\GitHub\mppt-nucleo\Debug
arm-none-eabi-gcc -mcpu=cortex-m4 -mthumb -mfloat-abi=hard -mfpu=fpv4-sp-d16 '-D__weak=__attribute__((weak))' '-D__packed="__attribute__((__packed__))"' -DUSE_HAL_DRIVER -DSTM32F410Rx -I"C:/Work/GitHub/mppt-nucleo/Inc" -I"C:/Work/GitHub/mppt-nucleo/Drivers/STM32F4xx_HAL_Driver/Inc" -I"C:/Work/GitHub/mppt-nucleo/Drivers/STM32F4xx_HAL_Driver/Inc/Legacy" -I"C:/Work/GitHub/mppt-nucleo/Drivers/CMSIS/Include" -I"C:/Work/GitHub/mppt-nucleo/Drivers/CMSIS/Device/ST/STM32F4xx/Include"  -Os -g3 -Wall -fmessage-length=0 -ffunction-sections -c -fmessage-length=0 -MMD -MP -MF"Src/stm32f4xx_hal_msp.d" -MT"Src/stm32f4xx_hal_msp.o" -o "Src/stm32f4xx_hal_msp.o" "../Src/stm32f4xx_hal_msp.c"
Finished building: ../Src/stm32f4xx_hal_msp.c
 
Building file: ../Src/stm32f4xx_it.c
Invoking: MCU GCC Compiler
C:\Work\GitHub\mppt-nucleo\Debug
arm-none-eabi-gcc -mcpu=cortex-m4 -mthumb -mfloat-abi=hard -mfpu=fpv4-sp-d16 '-D__weak=__attribute__((weak))' '-D__packed="__attribute__((__packed__))"' -DUSE_HAL_DRIVER -DSTM32F410Rx -I"C:/Work/GitHub/mppt-nucleo/Inc" -I"C:/Work/GitHub/mppt-nucleo/Drivers/STM32F4xx_HAL_Driver/Inc" -I"C:/Work/GitHub/mppt-nucleo/Drivers/STM32F4xx_HAL_Driver/Inc/Legacy" -I"C:/Work/GitHub/mppt-nucleo/Drivers/CMSIS/Include" -I"C:/Work/GitHub/mppt-nucleo/Drivers/CMSIS/Device/ST/STM32F4xx/Include"  -Os -g3 -Wall -fmessage-length=0 -ffunction-sections -c -fmessage-length=0 -MMD -MP -MF"Src/stm32f4xx_it.d" -MT"Src/stm32f4xx_it.o" -o "Src/stm32f4xx_it.o" "../Src/stm32f4xx_it.c"
../Src/stm32f4xx_it.c:45:13: warning: 'getADCreadings' declared 'static' but never defined [-Wunused-function]
 static void getADCreadings(uint8_t);
             ^~~~~~~~~~~~~~
Finished building: ../Src/stm32f4xx_it.c
 
Building file: ../Drivers/STM32F4xx_HAL_Driver/Src/stm32f4xx_hal.c
Invoking: MCU GCC Compiler
C:\Work\GitHub\mppt-nucleo\Debug
arm-none-eabi-gcc -mcpu=cortex-m4 -mthumb -mfloat-abi=hard -mfpu=fpv4-sp-d16 '-D__weak=__attribute__((weak))' '-D__packed="__attribute__((__packed__))"' -DUSE_HAL_DRIVER -DSTM32F410Rx -I"C:/Work/GitHub/mppt-nucleo/Inc" -I"C:/Work/GitHub/mppt-nucleo/Drivers/STM32F4xx_HAL_Driver/Inc" -I"C:/Work/GitHub/mppt-nucleo/Drivers/STM32F4xx_HAL_Driver/Inc/Legacy" -I"C:/Work/GitHub/mppt-nucleo/Drivers/CMSIS/Include" -I"C:/Work/GitHub/mppt-nucleo/Drivers/CMSIS/Device/ST/STM32F4xx/Include"  -Os -g3 -Wall -fmessage-length=0 -ffunction-sections -c -fmessage-length=0 -MMD -MP -MF"Drivers/STM32F4xx_HAL_Driver/Src/stm32f4xx_hal.d" -MT"Drivers/STM32F4xx_HAL_Driver/Src/stm32f4xx_hal.o" -o "Drivers/STM32F4xx_HAL_Driver/Src/stm32f4xx_hal.o" "../Drivers/STM32F4xx_HAL_Driver/Src/stm32f4xx_hal.c"
Finished building: ../Drivers/STM32F4xx_HAL_Driver/Src/stm32f4xx_hal.c
 
Building file: ../Drivers/STM32F4xx_HAL_Driver/Src/stm32f4xx_hal_adc.c
Invoking: MCU GCC Compiler
C:\Work\GitHub\mppt-nucleo\Debug
arm-none-eabi-gcc -mcpu=cortex-m4 -mthumb -mfloat-abi=hard -mfpu=fpv4-sp-d16 '-D__weak=__attribute__((weak))' '-D__packed="__attribute__((__packed__))"' -DUSE_HAL_DRIVER -DSTM32F410Rx -I"C:/Work/GitHub/mppt-nucleo/Inc" -I"C:/Work/GitHub/mppt-nucleo/Drivers/STM32F4xx_HAL_Driver/Inc" -I"C:/Work/GitHub/mppt-nucleo/Drivers/STM32F4xx_HAL_Driver/Inc/Legacy" -I"C:/Work/GitHub/mppt-nucleo/Drivers/CMSIS/Include" -I"C:/Work/GitHub/mppt-nucleo/Drivers/CMSIS/Device/ST/STM32F4xx/Include"  -Os -g3 -Wall -fmessage-length=0 -ffunction-sections -c -fmessage-length=0 -MMD -MP -MF"Drivers/STM32F4xx_HAL_Driver/Src/stm32f4xx_hal_adc.d" -MT"Drivers/STM32F4xx_HAL_Driver/Src/stm32f4xx_hal_adc.o" -o "Drivers/STM32F4xx_HAL_Driver/Src/stm32f4xx_hal_adc.o" "../Drivers/STM32F4xx_HAL_Driver/Src/stm32f4xx_hal_adc.c"
Finished building: ../Drivers/STM32F4xx_HAL_Driver/Src/stm32f4xx_hal_adc.c
 
Building file: ../Drivers/STM32F4xx_HAL_Driver/Src/stm32f4xx_hal_adc_ex.c
Invoking: MCU GCC Compiler
C:\Work\GitHub\mppt-nucleo\Debug
arm-none-eabi-gcc -mcpu=cortex-m4 -mthumb -mfloat-abi=hard -mfpu=fpv4-sp-d16 '-D__weak=__attribute__((weak))' '-D__packed="__attribute__((__packed__))"' -DUSE_HAL_DRIVER -DSTM32F410Rx -I"C:/Work/GitHub/mppt-nucleo/Inc" -I"C:/Work/GitHub/mppt-nucleo/Drivers/STM32F4xx_HAL_Driver/Inc" -I"C:/Work/GitHub/mppt-nucleo/Drivers/STM32F4xx_HAL_Driver/Inc/Legacy" -I"C:/Work/GitHub/mppt-nucleo/Drivers/CMSIS/Include" -I"C:/Work/GitHub/mppt-nucleo/Drivers/CMSIS/Device/ST/STM32F4xx/Include"  -Os -g3 -Wall -fmessage-length=0 -ffunction-sections -c -fmessage-length=0 -MMD -MP -MF"Drivers/STM32F4xx_HAL_Driver/Src/stm32f4xx_hal_adc_ex.d" -MT"Drivers/STM32F4xx_HAL_Driver/Src/stm32f4xx_hal_adc_ex.o" -o "Drivers/STM32F4xx_HAL_Driver/Src/stm32f4xx_hal_adc_ex.o" "../Drivers/STM32F4xx_HAL_Driver/Src/stm32f4xx_hal_adc_ex.c"
Finished building: ../Drivers/STM32F4xx_HAL_Driver/Src/stm32f4xx_hal_adc_ex.c
 
Building file: ../Drivers/STM32F4xx_HAL_Driver/Src/stm32f4xx_hal_cortex.c
Invoking: MCU GCC Compiler
C:\Work\GitHub\mppt-nucleo\Debug
arm-none-eabi-gcc -mcpu=cortex-m4 -mthumb -mfloat-abi=hard -mfpu=fpv4-sp-d16 '-D__weak=__attribute__((weak))' '-D__packed="__attribute__((__packed__))"' -DUSE_HAL_DRIVER -DSTM32F410Rx -I"C:/Work/GitHub/mppt-nucleo/Inc" -I"C:/Work/GitHub/mppt-nucleo/Drivers/STM32F4xx_HAL_Driver/Inc" -I"C:/Work/GitHub/mppt-nucleo/Drivers/STM32F4xx_HAL_Driver/Inc/Legacy" -I"C:/Work/GitHub/mppt-nucleo/Drivers/CMSIS/Include" -I"C:/Work/GitHub/mppt-nucleo/Drivers/CMSIS/Device/ST/STM32F4xx/Include"  -Os -g3 -Wall -fmessage-length=0 -ffunction-sections -c -fmessage-length=0 -MMD -MP -MF"Drivers/STM32F4xx_HAL_Driver/Src/stm32f4xx_hal_cortex.d" -MT"Drivers/STM32F4xx_HAL_Driver/Src/stm32f4xx_hal_cortex.o" -o "Drivers/STM32F4xx_HAL_Driver/Src/stm32f4xx_hal_cortex.o" "../Drivers/STM32F4xx_HAL_Driver/Src/stm32f4xx_hal_cortex.c"
Finished building: ../Drivers/STM32F4xx_HAL_Driver/Src/stm32f4xx_hal_cortex.c
 
Building file: ../Drivers/STM32F4xx_HAL_Driver/Src/stm32f4xx_hal_dma.c
Invoking: MCU GCC Compiler
C:\Work\GitHub\mppt-nucleo\Debug
arm-none-eabi-gcc -mcpu=cortex-m4 -mthumb -mfloat-abi=hard -mfpu=fpv4-sp-d16 '-D__weak=__attribute__((weak))' '-D__packed="__attribute__((__packed__))"' -DUSE_HAL_DRIVER -DSTM32F410Rx -I"C:/Work/GitHub/mppt-nucleo/Inc" -I"C:/Work/GitHub/mppt-nucleo/Drivers/STM32F4xx_HAL_Driver/Inc" -I"C:/Work/GitHub/mppt-nucleo/Drivers/STM32F4xx_HAL_Driver/Inc/Legacy" -I"C:/Work/GitHub/mppt-nucleo/Drivers/CMSIS/Include" -I"C:/Work/GitHub/mppt-nucleo/Drivers/CMSIS/Device/ST/STM32F4xx/Include"  -Os -g3 -Wall -fmessage-length=0 -ffunction-sections -c -fmessage-length=0 -MMD -MP -MF"Drivers/STM32F4xx_HAL_Driver/Src/stm32f4xx_hal_dma.d" -MT"Drivers/STM32F4xx_HAL_Driver/Src/stm32f4xx_hal_dma.o" -o "Drivers/STM32F4xx_HAL_Driver/Src/stm32f4xx_hal_dma.o" "../Drivers/STM32F4xx_HAL_Driver/Src/stm32f4xx_hal_dma.c"
Finished building: ../Drivers/STM32F4xx_HAL_Driver/Src/stm32f4xx_hal_dma.c
 
Building file: ../Drivers/STM32F4xx_HAL_Driver/Src/stm32f4xx_hal_dma_ex.c
Invoking: MCU GCC Compiler
C:\Work\GitHub\mppt-nucleo\Debug
arm-none-eabi-gcc -mcpu=cortex-m4 -mthumb -mfloat-abi=hard -mfpu=fpv4-sp-d16 '-D__weak=__attribute__((weak))' '-D__packed="__attribute__((__packed__))"' -DUSE_HAL_DRIVER -DSTM32F410Rx -I"C:/Work/GitHub/mppt-nucleo/Inc" -I"C:/Work/GitHub/mppt-nucleo/Drivers/STM32F4xx_HAL_Driver/Inc" -I"C:/Work/GitHub/mppt-nucleo/Drivers/STM32F4xx_HAL_Driver/Inc/Legacy" -I"C:/Work/GitHub/mppt-nucleo/Drivers/CMSIS/Include" -I"C:/Work/GitHub/mppt-nucleo/Drivers/CMSIS/Device/ST/STM32F4xx/Include"  -Os -g3 -Wall -fmessage-length=0 -ffunction-sections -c -fmessage-length=0 -MMD -MP -MF"Drivers/STM32F4xx_HAL_Driver/Src/stm32f4xx_hal_dma_ex.d" -MT"Drivers/STM32F4xx_HAL_Driver/Src/stm32f4xx_hal_dma_ex.o" -o "Drivers/STM32F4xx_HAL_Driver/Src/stm32f4xx_hal_dma_ex.o" "../Drivers/STM32F4xx_HAL_Driver/Src/stm32f4xx_hal_dma_ex.c"
Finished building: ../Drivers/STM32F4xx_HAL_Driver/Src/stm32f4xx_hal_dma_ex.c
 
Building file: ../Drivers/STM32F4xx_HAL_Driver/Src/stm32f4xx_hal_flash.c
Invoking: MCU GCC Compiler
C:\Work\GitHub\mppt-nucleo\Debug
arm-none-eabi-gcc -mcpu=cortex-m4 -mthumb -mfloat-abi=hard -mfpu=fpv4-sp-d16 '-D__weak=__attribute__((weak))' '-D__packed="__attribute__((__packed__))"' -DUSE_HAL_DRIVER -DSTM32F410Rx -I"C:/Work/GitHub/mppt-nucleo/Inc" -I"C:/Work/GitHub/mppt-nucleo/Drivers/STM32F4xx_HAL_Driver/Inc" -I"C:/Work/GitHub/mppt-nucleo/Drivers/STM32F4xx_HAL_Driver/Inc/Legacy" -I"C:/Work/GitHub/mppt-nucleo/Drivers/CMSIS/Include" -I"C:/Work/GitHub/mppt-nucleo/Drivers/CMSIS/Device/ST/STM32F4xx/Include"  -Os -g3 -Wall -fmessage-length=0 -ffunction-sections -c -fmessage-length=0 -MMD -MP -MF"Drivers/STM32F4xx_HAL_Driver/Src/stm32f4xx_hal_flash.d" -MT"Drivers/STM32F4xx_HAL_Driver/Src/stm32f4xx_hal_flash.o" -o "Drivers/STM32F4xx_HAL_Driver/Src/stm32f4xx_hal_flash.o" "../Drivers/STM32F4xx_HAL_Driver/Src/stm32f4xx_hal_flash.c"
Finished building: ../Drivers/STM32F4xx_HAL_Driver/Src/stm32f4xx_hal_flash.c
 
Building file: ../Drivers/STM32F4xx_HAL_Driver/Src/stm32f4xx_hal_flash_ex.c
Invoking: MCU GCC Compiler
C:\Work\GitHub\mppt-nucleo\Debug
arm-none-eabi-gcc -mcpu=cortex-m4 -mthumb -mfloat-abi=hard -mfpu=fpv4-sp-d16 '-D__weak=__attribute__((weak))' '-D__packed="__attribute__((__packed__))"' -DUSE_HAL_DRIVER -DSTM32F410Rx -I"C:/Work/GitHub/mppt-nucleo/Inc" -I"C:/Work/GitHub/mppt-nucleo/Drivers/STM32F4xx_HAL_Driver/Inc" -I"C:/Work/GitHub/mppt-nucleo/Drivers/STM32F4xx_HAL_Driver/Inc/Legacy" -I"C:/Work/GitHub/mppt-nucleo/Drivers/CMSIS/Include" -I"C:/Work/GitHub/mppt-nucleo/Drivers/CMSIS/Device/ST/STM32F4xx/Include"  -Os -g3 -Wall -fmessage-length=0 -ffunction-sections -c -fmessage-length=0 -MMD -MP -MF"Drivers/STM32F4xx_HAL_Driver/Src/stm32f4xx_hal_flash_ex.d" -MT"Drivers/STM32F4xx_HAL_Driver/Src/stm32f4xx_hal_flash_ex.o" -o "Drivers/STM32F4xx_HAL_Driver/Src/stm32f4xx_hal_flash_ex.o" "../Drivers/STM32F4xx_HAL_Driver/Src/stm32f4xx_hal_flash_ex.c"
Finished building: ../Drivers/STM32F4xx_HAL_Driver/Src/stm32f4xx_hal_flash_ex.c
 
Building file: ../Drivers/STM32F4xx_HAL_Driver/Src/stm32f4xx_hal_flash_ramfunc.c
Invoking: MCU GCC Compiler
C:\Work\GitHub\mppt-nucleo\Debug
arm-none-eabi-gcc -mcpu=cortex-m4 -mthumb -mfloat-abi=hard -mfpu=fpv4-sp-d16 '-D__weak=__attribute__((weak))' '-D__packed="__attribute__((__packed__))"' -DUSE_HAL_DRIVER -DSTM32F410Rx -I"C:/Work/GitHub/mppt-nucleo/Inc" -I"C:/Work/GitHub/mppt-nucleo/Drivers/STM32F4xx_HAL_Driver/Inc" -I"C:/Work/GitHub/mppt-nucleo/Drivers/STM32F4xx_HAL_Driver/Inc/Legacy" -I"C:/Work/GitHub/mppt-nucleo/Drivers/CMSIS/Include" -I"C:/Work/GitHub/mppt-nucleo/Drivers/CMSIS/Device/ST/STM32F4xx/Include"  -Os -g3 -Wall -fmessage-length=0 -ffunction-sections -c -fmessage-length=0 -MMD -MP -MF"Drivers/STM32F4xx_HAL_Driver/Src/stm32f4xx_hal_flash_ramfunc.d" -MT"Drivers/STM32F4xx_HAL_Driver/Src/stm32f4xx_hal_flash_ramfunc.o" -o "Drivers/STM32F4xx_HAL_Driver/Src/stm32f4xx_hal_flash_ramfunc.o" "../Drivers/STM32F4xx_HAL_Driver/Src/stm32f4xx_hal_flash_ramfunc.c"
Finished building: ../Drivers/STM32F4xx_HAL_Driver/Src/stm32f4xx_hal_flash_ramfunc.c
 
Building file: ../Drivers/STM32F4xx_HAL_Driver/Src/stm32f4xx_hal_gpio.c
Invoking: MCU GCC Compiler
C:\Work\GitHub\mppt-nucleo\Debug
arm-none-eabi-gcc -mcpu=cortex-m4 -mthumb -mfloat-abi=hard -mfpu=fpv4-sp-d16 '-D__weak=__attribute__((weak))' '-D__packed="__attribute__((__packed__))"' -DUSE_HAL_DRIVER -DSTM32F410Rx -I"C:/Work/GitHub/mppt-nucleo/Inc" -I"C:/Work/GitHub/mppt-nucleo/Drivers/STM32F4xx_HAL_Driver/Inc" -I"C:/Work/GitHub/mppt-nucleo/Drivers/STM32F4xx_HAL_Driver/Inc/Legacy" -I"C:/Work/GitHub/mppt-nucleo/Drivers/CMSIS/Include" -I"C:/Work/GitHub/mppt-nucleo/Drivers/CMSIS/Device/ST/STM32F4xx/Include"  -Os -g3 -Wall -fmessage-length=0 -ffunction-sections -c -fmessage-length=0 -MMD -MP -MF"Drivers/STM32F4xx_HAL_Driver/Src/stm32f4xx_hal_gpio.d" -MT"Drivers/STM32F4xx_HAL_Driver/Src/stm32f4xx_hal_gpio.o" -o "Drivers/STM32F4xx_HAL_Driver/Src/stm32f4xx_hal_gpio.o" "../Drivers/STM32F4xx_HAL_Driver/Src/stm32f4xx_hal_gpio.c"
Finished building: ../Drivers/STM32F4xx_HAL_Driver/Src/stm32f4xx_hal_gpio.c
 
Building file: ../Drivers/STM32F4xx_HAL_Driver/Src/stm32f4xx_hal_pwr.c
Invoking: MCU GCC Compiler
C:\Work\GitHub\mppt-nucleo\Debug
arm-none-eabi-gcc -mcpu=cortex-m4 -mthumb -mfloat-abi=hard -mfpu=fpv4-sp-d16 '-D__weak=__attribute__((weak))' '-D__packed="__attribute__((__packed__))"' -DUSE_HAL_DRIVER -DSTM32F410Rx -I"C:/Work/GitHub/mppt-nucleo/Inc" -I"C:/Work/GitHub/mppt-nucleo/Drivers/STM32F4xx_HAL_Driver/Inc" -I"C:/Work/GitHub/mppt-nucleo/Drivers/STM32F4xx_HAL_Driver/Inc/Legacy" -I"C:/Work/GitHub/mppt-nucleo/Drivers/CMSIS/Include" -I"C:/Work/GitHub/mppt-nucleo/Drivers/CMSIS/Device/ST/STM32F4xx/Include"  -Os -g3 -Wall -fmessage-length=0 -ffunction-sections -c -fmessage-length=0 -MMD -MP -MF"Drivers/STM32F4xx_HAL_Driver/Src/stm32f4xx_hal_pwr.d" -MT"Drivers/STM32F4xx_HAL_Driver/Src/stm32f4xx_hal_pwr.o" -o "Drivers/STM32F4xx_HAL_Driver/Src/stm32f4xx_hal_pwr.o" "../Drivers/STM32F4xx_HAL_Driver/Src/stm32f4xx_hal_pwr.c"
Finished building: ../Drivers/STM32F4xx_HAL_Driver/Src/stm32f4xx_hal_pwr.c
 
Building file: ../Drivers/STM32F4xx_HAL_Driver/Src/stm32f4xx_hal_pwr_ex.c
Invoking: MCU GCC Compiler
C:\Work\GitHub\mppt-nucleo\Debug
arm-none-eabi-gcc -mcpu=cortex-m4 -mthumb -mfloat-abi=hard -mfpu=fpv4-sp-d16 '-D__weak=__attribute__((weak))' '-D__packed="__attribute__((__packed__))"' -DUSE_HAL_DRIVER -DSTM32F410Rx -I"C:/Work/GitHub/mppt-nucleo/Inc" -I"C:/Work/GitHub/mppt-nucleo/Drivers/STM32F4xx_HAL_Driver/Inc" -I"C:/Work/GitHub/mppt-nucleo/Drivers/STM32F4xx_HAL_Driver/Inc/Legacy" -I"C:/Work/GitHub/mppt-nucleo/Drivers/CMSIS/Include" -I"C:/Work/GitHub/mppt-nucleo/Drivers/CMSIS/Device/ST/STM32F4xx/Include"  -Os -g3 -Wall -fmessage-length=0 -ffunction-sections -c -fmessage-length=0 -MMD -MP -MF"Drivers/STM32F4xx_HAL_Driver/Src/stm32f4xx_hal_pwr_ex.d" -MT"Drivers/STM32F4xx_HAL_Driver/Src/stm32f4xx_hal_pwr_ex.o" -o "Drivers/STM32F4xx_HAL_Driver/Src/stm32f4xx_hal_pwr_ex.o" "../Drivers/STM32F4xx_HAL_Driver/Src/stm32f4xx_hal_pwr_ex.c"
Finished building: ../Drivers/STM32F4xx_HAL_Driver/Src/stm32f4xx_hal_pwr_ex.c
 
Building file: ../Drivers/STM32F4xx_HAL_Driver/Src/stm32f4xx_hal_rcc.c
Invoking: MCU GCC Compiler
C:\Work\GitHub\mppt-nucleo\Debug
arm-none-eabi-gcc -mcpu=cortex-m4 -mthumb -mfloat-abi=hard -mfpu=fpv4-sp-d16 '-D__weak=__attribute__((weak))' '-D__packed="__attribute__((__packed__))"' -DUSE_HAL_DRIVER -DSTM32F410Rx -I"C:/Work/GitHub/mppt-nucleo/Inc" -I"C:/Work/GitHub/mppt-nucleo/Drivers/STM32F4xx_HAL_Driver/Inc" -I"C:/Work/GitHub/mppt-nucleo/Drivers/STM32F4xx_HAL_Driver/Inc/Legacy" -I"C:/Work/GitHub/mppt-nucleo/Drivers/CMSIS/Include" -I"C:/Work/GitHub/mppt-nucleo/Drivers/CMSIS/Device/ST/STM32F4xx/Include"  -Os -g3 -Wall -fmessage-length=0 -ffunction-sections -c -fmessage-length=0 -MMD -MP -MF"Drivers/STM32F4xx_HAL_Driver/Src/stm32f4xx_hal_rcc.d" -MT"Drivers/STM32F4xx_HAL_Driver/Src/stm32f4xx_hal_rcc.o" -o "Drivers/STM32F4xx_HAL_Driver/Src/stm32f4xx_hal_rcc.o" "../Drivers/STM32F4xx_HAL_Driver/Src/stm32f4xx_hal_rcc.c"
Finished building: ../Drivers/STM32F4xx_HAL_Driver/Src/stm32f4xx_hal_rcc.c
 
Building file: ../Drivers/STM32F4xx_HAL_Driver/Src/stm32f4xx_hal_rcc_ex.c
Invoking: MCU GCC Compiler
C:\Work\GitHub\mppt-nucleo\Debug
arm-none-eabi-gcc -mcpu=cortex-m4 -mthumb -mfloat-abi=hard -mfpu=fpv4-sp-d16 '-D__weak=__attribute__((weak))' '-D__packed="__attribute__((__packed__))"' -DUSE_HAL_DRIVER -DSTM32F410Rx -I"C:/Work/GitHub/mppt-nucleo/Inc" -I"C:/Work/GitHub/mppt-nucleo/Drivers/STM32F4xx_HAL_Driver/Inc" -I"C:/Work/GitHub/mppt-nucleo/Drivers/STM32F4xx_HAL_Driver/Inc/Legacy" -I"C:/Work/GitHub/mppt-nucleo/Drivers/CMSIS/Include" -I"C:/Work/GitHub/mppt-nucleo/Drivers/CMSIS/Device/ST/STM32F4xx/Include"  -Os -g3 -Wall -fmessage-length=0 -ffunction-sections -c -fmessage-length=0 -MMD -MP -MF"Drivers/STM32F4xx_HAL_Driver/Src/stm32f4xx_hal_rcc_ex.d" -MT"Drivers/STM32F4xx_HAL_Driver/Src/stm32f4xx_hal_rcc_ex.o" -o "Drivers/STM32F4xx_HAL_Driver/Src/stm32f4xx_hal_rcc_ex.o" "../Drivers/STM32F4xx_HAL_Driver/Src/stm32f4xx_hal_rcc_ex.c"
Finished building: ../Drivers/STM32F4xx_HAL_Driver/Src/stm32f4xx_hal_rcc_ex.c
 
Building file: ../Drivers/STM32F4xx_HAL_Driver/Src/stm32f4xx_hal_tim.c
Invoking: MCU GCC Compiler
C:\Work\GitHub\mppt-nucleo\Debug
arm-none-eabi-gcc -mcpu=cortex-m4 -mthumb -mfloat-abi=hard -mfpu=fpv4-sp-d16 '-D__weak=__attribute__((weak))' '-D__packed="__attribute__((__packed__))"' -DUSE_HAL_DRIVER -DSTM32F410Rx -I"C:/Work/GitHub/mppt-nucleo/Inc" -I"C:/Work/GitHub/mppt-nucleo/Drivers/STM32F4xx_HAL_Driver/Inc" -I"C:/Work/GitHub/mppt-nucleo/Drivers/STM32F4xx_HAL_Driver/Inc/Legacy" -I"C:/Work/GitHub/mppt-nucleo/Drivers/CMSIS/Include" -I"C:/Work/GitHub/mppt-nucleo/Drivers/CMSIS/Device/ST/STM32F4xx/Include"  -Os -g3 -Wall -fmessage-length=0 -ffunction-sections -c -fmessage-length=0 -MMD -MP -MF"Drivers/STM32F4xx_HAL_Driver/Src/stm32f4xx_hal_tim.d" -MT"Drivers/STM32F4xx_HAL_Driver/Src/stm32f4xx_hal_tim.o" -o "Drivers/STM32F4xx_HAL_Driver/Src/stm32f4xx_hal_tim.o" "../Drivers/STM32F4xx_HAL_Driver/Src/stm32f4xx_hal_tim.c"
Finished building: ../Drivers/STM32F4xx_HAL_Driver/Src/stm32f4xx_hal_tim.c
 
Building file: ../Drivers/STM32F4xx_HAL_Driver/Src/stm32f4xx_hal_tim_ex.c
Invoking: MCU GCC Compiler
C:\Work\GitHub\mppt-nucleo\Debug
arm-none-eabi-gcc -mcpu=cortex-m4 -mthumb -mfloat-abi=hard -mfpu=fpv4-sp-d16 '-D__weak=__attribute__((weak))' '-D__packed="__attribute__((__packed__))"' -DUSE_HAL_DRIVER -DSTM32F410Rx -I"C:/Work/GitHub/mppt-nucleo/Inc" -I"C:/Work/GitHub/mppt-nucleo/Drivers/STM32F4xx_HAL_Driver/Inc" -I"C:/Work/GitHub/mppt-nucleo/Drivers/STM32F4xx_HAL_Driver/Inc/Legacy" -I"C:/Work/GitHub/mppt-nucleo/Drivers/CMSIS/Include" -I"C:/Work/GitHub/mppt-nucleo/Drivers/CMSIS/Device/ST/STM32F4xx/Include"  -Os -g3 -Wall -fmessage-length=0 -ffunction-sections -c -fmessage-length=0 -MMD -MP -MF"Drivers/STM32F4xx_HAL_Driver/Src/stm32f4xx_hal_tim_ex.d" -MT"Drivers/STM32F4xx_HAL_Driver/Src/stm32f4xx_hal_tim_ex.o" -o "Drivers/STM32F4xx_HAL_Driver/Src/stm32f4xx_hal_tim_ex.o" "../Drivers/STM32F4xx_HAL_Driver/Src/stm32f4xx_hal_tim_ex.c"
Finished building: ../Drivers/STM32F4xx_HAL_Driver/Src/stm32f4xx_hal_tim_ex.c
 
Building file: ../Drivers/STM32F4xx_HAL_Driver/Src/stm32f4xx_hal_uart.c
Invoking: MCU GCC Compiler
C:\Work\GitHub\mppt-nucleo\Debug
arm-none-eabi-gcc -mcpu=cortex-m4 -mthumb -mfloat-abi=hard -mfpu=fpv4-sp-d16 '-D__weak=__attribute__((weak))' '-D__packed="__attribute__((__packed__))"' -DUSE_HAL_DRIVER -DSTM32F410Rx -I"C:/Work/GitHub/mppt-nucleo/Inc" -I"C:/Work/GitHub/mppt-nucleo/Drivers/STM32F4xx_HAL_Driver/Inc" -I"C:/Work/GitHub/mppt-nucleo/Drivers/STM32F4xx_HAL_Driver/Inc/Legacy" -I"C:/Work/GitHub/mppt-nucleo/Drivers/CMSIS/Include" -I"C:/Work/GitHub/mppt-nucleo/Drivers/CMSIS/Device/ST/STM32F4xx/Include"  -Os -g3 -Wall -fmessage-length=0 -ffunction-sections -c -fmessage-length=0 -MMD -MP -MF"Drivers/STM32F4xx_HAL_Driver/Src/stm32f4xx_hal_uart.d" -MT"Drivers/STM32F4xx_HAL_Driver/Src/stm32f4xx_hal_uart.o" -o "Drivers/STM32F4xx_HAL_Driver/Src/stm32f4xx_hal_uart.o" "../Drivers/STM32F4xx_HAL_Driver/Src/stm32f4xx_hal_uart.c"
Finished building: ../Drivers/STM32F4xx_HAL_Driver/Src/stm32f4xx_hal_uart.c
 
Building file: ../Drivers/STM32F4xx_HAL_Driver/Src/stm32f4xx_hal_wwdg.c
Invoking: MCU GCC Compiler
C:\Work\GitHub\mppt-nucleo\Debug
arm-none-eabi-gcc -mcpu=cortex-m4 -mthumb -mfloat-abi=hard -mfpu=fpv4-sp-d16 '-D__weak=__attribute__((weak))' '-D__packed="__attribute__((__packed__))"' -DUSE_HAL_DRIVER -DSTM32F410Rx -I"C:/Work/GitHub/mppt-nucleo/Inc" -I"C:/Work/GitHub/mppt-nucleo/Drivers/STM32F4xx_HAL_Driver/Inc" -I"C:/Work/GitHub/mppt-nucleo/Drivers/STM32F4xx_HAL_Driver/Inc/Legacy" -I"C:/Work/GitHub/mppt-nucleo/Drivers/CMSIS/Include" -I"C:/Work/GitHub/mppt-nucleo/Drivers/CMSIS/Device/ST/STM32F4xx/Include"  -Os -g3 -Wall -fmessage-length=0 -ffunction-sections -c -fmessage-length=0 -MMD -MP -MF"Drivers/STM32F4xx_HAL_Driver/Src/stm32f4xx_hal_wwdg.d" -MT"Drivers/STM32F4xx_HAL_Driver/Src/stm32f4xx_hal_wwdg.o" -o "Drivers/STM32F4xx_HAL_Driver/Src/stm32f4xx_hal_wwdg.o" "../Drivers/STM32F4xx_HAL_Driver/Src/stm32f4xx_hal_wwdg.c"
Finished building: ../Drivers/STM32F4xx_HAL_Driver/Src/stm32f4xx_hal_wwdg.c
 
Building file: ../Drivers/CMSIS/Device/ST/STM32F4xx/Source/Templates/gcc/startup_stm32f410rx.s
Invoking: MCU GCC Assembler
C:\Work\GitHub\mppt-nucleo\Debug
arm-none-eabi-as -mcpu=cortex-m4 -mthumb -mfloat-abi=hard -mfpu=fpv4-sp-d16 -g -o "Drivers/CMSIS/Device/ST/STM32F4xx/Source/Templates/gcc/startup_stm32f410rx.o" "../Drivers/CMSIS/Device/ST/STM32F4xx/Source/Templates/gcc/startup_stm32f410rx.s"
Finished building: ../Drivers/CMSIS/Device/ST/STM32F4xx/Source/Templates/gcc/startup_stm32f410rx.s
 
Building file: ../Drivers/CMSIS/Device/ST/STM32F4xx/Source/Templates/system_stm32f4xx.c
Invoking: MCU GCC Compiler
C:\Work\GitHub\mppt-nucleo\Debug
arm-none-eabi-gcc -mcpu=cortex-m4 -mthumb -mfloat-abi=hard -mfpu=fpv4-sp-d16 '-D__weak=__attribute__((weak))' '-D__packed="__attribute__((__packed__))"' -DUSE_HAL_DRIVER -DSTM32F410Rx -I"C:/Work/GitHub/mppt-nucleo/Inc" -I"C:/Work/GitHub/mppt-nucleo/Drivers/STM32F4xx_HAL_Driver/Inc" -I"C:/Work/GitHub/mppt-nucleo/Drivers/STM32F4xx_HAL_Driver/Inc/Legacy" -I"C:/Work/GitHub/mppt-nucleo/Drivers/CMSIS/Include" -I"C:/Work/GitHub/mppt-nucleo/Drivers/CMSIS/Device/ST/STM32F4xx/Include"  -Os -g3 -Wall -fmessage-length=0 -ffunction-sections -c -fmessage-length=0 -MMD -MP -MF"Drivers/CMSIS/Device/ST/STM32F4xx/Source/Templates/system_stm32f4xx.d" -MT"Drivers/CMSIS/Device/ST/STM32F4xx/Source/Templates/system_stm32f4xx.o" -o "Drivers/CMSIS/Device/ST/STM32F4xx/Source/Templates/system_stm32f4xx.o" "../Drivers/CMSIS/Device/ST/STM32F4xx/Source/Templates/system_stm32f4xx.c"
Finished building: ../Drivers/CMSIS/Device/ST/STM32F4xx/Source/Templates/system_stm32f4xx.c
 
Building target: mppt-nucleo.elf
Invoking: MCU GCC Linker
arm-none-eabi-gcc -mcpu=cortex-m4 -mthumb -mfloat-abi=hard -mfpu=fpv4-sp-d16 -specs=nosys.specs -specs=nano.specs -u_printf_float -T"../STM32F410RBTx_FLASH.ld" -Wl,-Map=output.map -Wl,--gc-sections -o "mppt-nucleo.elf" @"objects.list"   -lm
Finished building target: mppt-nucleo.elf
 
make --no-print-directory post-build
Generating binary and Printing size information:
arm-none-eabi-objcopy -O binary "mppt-nucleo.elf" "mppt-nucleo.bin"
arm-none-eabi-size "mppt-nucleo.elf"
   text	   data	    bss	    dec	    hex	filename
  22620	    476	   2168	  25264	   62b0	mppt-nucleo.elf
 

13:20:36 Build Finished (took 9s.173ms)

